// Jest Snapshot v1, https://goo.gl/fbAQLP

exports[`TabNav should render successfully 1`] = `
<div>
  <div
    class="MuiBox-root css-1274r9c"
  >
    <div
      class="MuiTabs-root css-1ujnqem-MuiTabs-root"
    >
      <div
        class="MuiTabs-scrollableX MuiTabs-hideScrollbar css-agdkjh-MuiTabs-scrollbarSize"
        style="width: 99px; height: 99px; position: absolute; top: -9999px; overflow: scroll;"
      />
      <div
        class="MuiTabs-scroller MuiTabs-hideScrollbar MuiTabs-scrollableX css-69z67c-MuiTabs-scroller"
        style="margin-bottom: 0px;"
      >
        <div
          aria-label="primary navigation"
          class="MuiTabs-flexContainer css-heg063-MuiTabs-flexContainer"
          role="tablist"
        >
          <a
            aria-selected="false"
            class="MuiButtonBase-root MuiTab-root MuiTab-textColorPrimary css-1h9z7r5-MuiButtonBase-root-MuiTab-root"
            href="http://localhost:4200/#a"
            role="tab"
            tabindex="-1"
          >
            A
            <span
              class="MuiTouchRipple-root css-8je8zh-MuiTouchRipple-root"
            />
          </a>
          <a
            aria-selected="false"
            class="MuiButtonBase-root MuiTab-root MuiTab-textColorPrimary css-1h9z7r5-MuiButtonBase-root-MuiTab-root"
            href="http://localhost:4200/#b"
            role="tab"
            tabindex="-1"
          >
            B
            <span
              class="MuiTouchRipple-root css-8je8zh-MuiTouchRipple-root"
            />
          </a>
        </div>
        <span
          class="MuiTabs-indicator css-1aquho2-MuiTabs-indicator"
          style="left: 0px; width: 0px;"
        />
      </div>
    </div>
  </div>
</div>
`;
